// Jest Snapshot v1, https://goo.gl/fbAQLP

exports[`Test name input field 1`] = `
<View
  style={
    Object {
      "alignItems": "center",
      "borderBottomColor": "#808080",
      "borderBottomWidth": 1,
      "flexDirection": "row",
      "height": 50,
      "marginTop": 10,
    }
  }
>
  <Image
    resizeMode="contain"
    source={1}
    style={
      Object {
        "flex": 1,
        "height": 20,
      }
    }
  />
  <TextInput
    autoCapitalize="none"
    autoCorrect={false}
    imageIcon={1}
    onChangeText={[Function]}
    placeholder="User name"
    placeholderTextColor="#FFFFFF"
    secureTextEntry={false}
    style={
      Object {
        "flex": 5,
        "height": 50,
      }
    }
  />
</View>
`;
